Test to file
